../Core/Src/main.c:84:6:HAL_TIM_PeriodElapsedCallback	16	static
../Core/Src/main.c:90:6:getAccelerometerData	72	static
../Core/Src/main.c:124:6:initAccelerometer	24	static
../Core/Src/main.c:164:5:main	8	static
../Core/Src/main.c:212:6:SystemClock_Config	88	static
../Core/Src/main.c:259:13:MX_I2C1_Init	8	static
../Core/Src/main.c:293:13:MX_TIM2_Init	32	static
../Core/Src/main.c:338:13:MX_USART2_UART_Init	8	static
../Core/Src/main.c:369:13:MX_DMA_Init	16	static
../Core/Src/main.c:387:13:MX_GPIO_Init	48	static
../Core/Src/main.c:427:6:Error_Handler	4	static,ignoring_inline_asm
