../Core/Src/main.c:71:6:HAL_TIM_PeriodElapsedCallback	152	static
../Core/Src/main.c:94:6:HAL_ADC_ConvHalfCpltCallback	16	static
../Core/Src/main.c:100:6:HAL_ADC_ConvCpltCallback	16	static
../Core/Src/main.c:111:5:main	8	static
../Core/Src/main.c:159:6:SystemClock_Config	88	static
../Core/Src/main.c:206:13:MX_ADC1_Init	24	static
../Core/Src/main.c:276:13:MX_TIM2_Init	32	static
../Core/Src/main.c:321:13:MX_USART2_UART_Init	8	static
../Core/Src/main.c:352:13:MX_DMA_Init	16	static
../Core/Src/main.c:370:13:MX_GPIO_Init	48	static
../Core/Src/main.c:410:6:Error_Handler	4	static,ignoring_inline_asm
