../Core/Src/main.c:93:5:main	8	static
../Core/Src/main.c:140:6:SystemClock_Config	88	static
../Core/Src/main.c:187:13:MX_SPI1_Init	8	static
../Core/Src/main.c:225:13:MX_TIM2_Init	32	static
../Core/Src/main.c:270:13:MX_USART2_UART_Init	8	static
../Core/Src/main.c:301:13:MX_DMA_Init	16	static
../Core/Src/main.c:319:13:MX_GPIO_Init	48	static
../Core/Src/main.c:352:6:HAL_SPI_TxCpltCallback	16	static
../Core/Src/main.c:360:6:HAL_TIM_PeriodElapsedCallback	16	static
../Core/Src/main.c:403:6:Error_Handler	4	static,ignoring_inline_asm
