../Core/Src/main.c:89:6:HAL_TIM_PeriodElapsedCallback	16	static
../Core/Src/main.c:96:6:askAccelerometerData	24	static
../Core/Src/main.c:110:6:HAL_I2C_MasterRxCpltCallback	16	static
../Core/Src/main.c:118:6:convertAndPrintAccelerometerData	64	static
../Core/Src/main.c:133:6:initAccelerometer	24	static
../Core/Src/main.c:175:5:main	8	static
../Core/Src/main.c:223:6:SystemClock_Config	88	static
../Core/Src/main.c:270:13:MX_I2C1_Init	8	static
../Core/Src/main.c:304:13:MX_TIM2_Init	32	static
../Core/Src/main.c:349:13:MX_USART2_UART_Init	8	static
../Core/Src/main.c:380:13:MX_DMA_Init	16	static
../Core/Src/main.c:401:13:MX_GPIO_Init	48	static
../Core/Src/main.c:441:6:Error_Handler	4	static,ignoring_inline_asm
