../Core/Src/main.c:142:6:scanButtons	24	static
../Core/Src/main.c:210:5:buttonValueFromRowColumn	16	static
../Core/Src/main.c:221:6:printButtonNumber	16	static
../Core/Src/main.c:232:5:main	8	static
../Core/Src/main.c:279:6:SystemClock_Config	88	static
../Core/Src/main.c:326:13:MX_TIM1_Init	96	static
../Core/Src/main.c:401:13:MX_TIM2_Init	64	static
../Core/Src/main.c:460:13:MX_USART2_UART_Init	8	static
../Core/Src/main.c:493:13:MX_GPIO_Init	48	static
../Core/Src/main.c:543:6:Error_Handler	4	static,ignoring_inline_asm
